[WARN] The "pnpm" field in package.json is no longer read by pnpm. The following keys were ignored: "pnpm.overrides", "pnpm.patchedDependencies". See https://pnpm.io/settings for the new home of each setting.
Scope: all 143 workspace projects
Lockfile is up to date, resolution step is skipped
Progress: resolved 1, reused 0, downloaded 0, added 0
Packages: +4217
++++++++++++++++++++++++++++++++++++++++++++++++++++++++++++++++++++++++++++++++
Progress: resolved 4217, reused 0, downloaded 7, added 0
Progress: resolved 4217, reused 0, downloaded 206, added 103
Progress: resolved 4217, reused 0, downloaded 416, added 203
Progress: resolved 4217, reused 0, downloaded 647, added 443
Progress: resolved 4217, reused 0, downloaded 797, added 510
Progress: resolved 4217, reused 0, downloaded 974, added 603
Progress: resolved 4217, reused 0, downloaded 1190, added 751
Progress: resolved 4217, reused 0, downloaded 1357, added 859
Progress: resolved 4217, reused 0, downloaded 1405, added 879
Progress: resolved 4217, reused 0, downloaded 1574, added 977
Progress: resolved 4217, reused 0, downloaded 1931, added 1351
Progress: resolved 4217, reused 0, downloaded 2262, added 1675
Progress: resolved 4217, reused 0, downloaded 2310, added 1890
Progress: resolved 4217, reused 0, downloaded 2572, added 2168
Progress: resolved 4217, reused 0, downloaded 2658, added 2201
Progress: resolved 4217, reused 0, downloaded 2760, added 2286
Progress: resolved 4217, reused 0, downloaded 3015, added 2519
Progress: resolved 4217, reused 0, downloaded 3161, added 2657
Progress: resolved 4217, reused 0, downloaded 3267, added 2707
Progress: resolved 4217, reused 0, downloaded 3315, added 2729
Progress: resolved 4217, reused 0, downloaded 3403, added 2762
Progress: resolved 4217, reused 0, downloaded 3554, added 2824
Progress: resolved 4217, reused 0, downloaded 3622, added 2852
Progress: resolved 4217, reused 0, downloaded 3655, added 2864
Progress: resolved 4217, reused 0, downloaded 3742, added 2914
Progress: resolved 4217, reused 0, downloaded 3810, added 2969
Progress: resolved 4217, reused 0, downloaded 3962, added 3048
Progress: resolved 4217, reused 0, downloaded 4130, added 3194
Progress: resolved 4217, reused 0, downloaded 4132, added 3721
Progress: resolved 4217, reused 0, downloaded 4132, added 4038
Progress: resolved 4217, reused 0, downloaded 4132, added 4217, done
 WARN  Could not apply patch /work/mastra/patches/@changesets__get-dependents-graph.patch to /work/mastra/node_modules/.pnpm/@changesets+get-dependents-graph@2.1.4_patch_hash=1cae443604ba49c27339705c703329dfcd79f6acd7fc822b1257a7d7c9da9535/node_modules/@changesets/get-dependents-graph
 WARN  Failed to create bin at /work/mastra/packages/create-mastra/node_modules/.bin/mastra. ENOENT: no such file or directory, open '/work/mastra/packages/cli/dist/index.js'

dependencies:
+ node-forge 1.4.0
+ resolve-from 5.0.0
+ tinyglobby 0.2.16
+ tokenx 1.3.0

devDependencies:
+ @changesets/cli 2.31.0
+ @types/node 22.19.15
+ @vitest/coverage-v8 4.1.5
+ @vitest/ui 4.1.5
+ changesets-changelog-github-local 1.0.1
+ dotenv 17.3.1
+ eslint 10.3.0
+ husky 9.1.7
+ lint-staged 16.4.0
+ npm-run-all2 8.0.4
+ path-to-regexp 8.3.0
+ prettier 3.8.3
+ prettier-plugin-tailwindcss 0.7.2
+ semver 7.7.4
+ tsc-files 1.1.4
+ turbo 2.9.12
+ typescript 6.0.3
+ vite 7.3.1
+ vitest 4.1.5
+ zod 4.3.6

. prepare$ husky
. prepare: Done
 WARN  Failed to create bin at /work/mastra/packages/create-mastra/node_modules/.bin/mastra. ENOENT: no such file or directory, open '/work/mastra/packages/create-mastra/node_modules/mastra/dist/index.js'
╭ Warning ─────────────────────────────────────────────────────────────────────╮
│                                                                              │
│   Ignored build scripts: @clerk/shared@3.28.2,                               │
│   @datadog/native-appsec@11.0.1,                                             │
│   @datadog/native-iast-taint-tracking@4.1.0,                                 │
│   @datadog/native-metrics@3.1.1, @datadog/pprof@5.14.1,                      │
│   @fingerprintjs/fingerprintjs-pro-react@2.7.1, @firebase/util@1.13.0,       │
│   @google/genai@1.52.0, @nestjs/core@11.1.19, @parcel/watcher@2.5.6,         │
│   @scarf/scarf@1.4.0, @swc/core@1.15.7, agent-browser@0.19.0,                │
│   bufferutil@4.1.0, cbor-extract@2.2.2, core-js-pure@3.48.0,                 │
│   core-js@3.46.0, couchbase@4.6.1, cpu-features@0.0.10, dd-trace@5.102.0,    │
│   edgedriver@6.3.0, esbuild@0.25.11, esbuild@0.27.0, esbuild@0.27.2,         │
│   esbuild@0.27.3, esbuild@0.27.7, geckodriver@6.1.0, inngest-cli@1.19.2,     │
│   koffi@2.15.1, msgpackr-extract@3.0.3, msw@2.14.6,                          │
│   onnxruntime-node@1.26.0, protobufjs@7.5.4, protobufjs@7.5.5,               │
│   protobufjs@7.5.7, protobufjs@8.0.1, protobufjs@8.2.0, sharp@0.34.5,        │
│   ssh2@1.17.0, unrs-resolver@1.11.1, workerd@1.20260507.1.                   │
│   Run "pnpm approve-builds" to pick which dependencies should be allowed     │
│   to run scripts.                                                            │
│                                                                              │
╰──────────────────────────────────────────────────────────────────────────────╯
Done in 36s using pnpm v10.29.3
